22:04:27 **** Incremental Build of configuration Debug for project VDMA_TF_TEST ****
make pre-build main-build 
a9-linaro-pre-build-step
' '
make: Nothing to be done for 'main-build'.
22:04:31 **** Incremental Build of configuration Debug for project VDMA_TF_TEST ****
make pre-build main-build 
a9-linaro-pre-build-step
' '
make: Nothing to be done for 'main-build'.
22:07:31 **** Auto Build of configuration Debug for project VDMA_TF_TEST ****
make pre-build main-build 
a9-linaro-pre-build-step
' '
'Building file: ../src/main.c'
'Invoking: ARM v7 gcc compiler'
arm-none-eabi-gcc -Wall -O0 -g3 -c -fmessage-length=0 -MT"src/main.o" -mcpu=cortex-a9 -mfpu=vfpv3 -mfloat-abi=hard -I../../VDMA_TF_TEST_bsp/ps7_cortexa9_0/include -MMD -MP -MF"src/main.d" -MT"src/main.o" -o "src/main.o" "../src/main.c"
../src/main.c: In function 'main':
../src/main.c:74:10: warning: passing argument 1 of 'printf' makes pointer from integer without a cast [-Wint-conversion]
   printf(1);
          ^
In file included from d:\vivado18\sdk\2018.3\gnu\aarch32\nt\gcc-arm-none-eabi\arm-none-eabi\libc\usr\include\stdio.h:29:0,
                 from ../src/main.c:4:
d:\vivado18\sdk\2018.3\gnu\aarch32\nt\gcc-arm-none-eabi\arm-none-eabi\libc\usr\include\stdio.h:181:5: note: expected 'const char * restrict' but argument is of type 'int'
 int _EXFUN(printf, (const char *__restrict, ...)
     ^
../src/main.c:76:10: warning: passing argument 1 of 'printf' makes pointer from integer without a cast [-Wint-conversion]
   printf(2);
          ^
In file included from d:\vivado18\sdk\2018.3\gnu\aarch32\nt\gcc-arm-none-eabi\arm-none-eabi\libc\usr\include\stdio.h:29:0,
                 from ../src/main.c:4:
d:\vivado18\sdk\2018.3\gnu\aarch32\nt\gcc-arm-none-eabi\arm-none-eabi\libc\usr\include\stdio.h:181:5: note: expected 'const char * restrict' but argument is of type 'int'
 int _EXFUN(printf, (const char *__restrict, ...)
     ^
../src/main.c:78:10: warning: passing argument 1 of 'printf' makes pointer from integer without a cast [-Wint-conversion]
   printf(3);
          ^
In file included from d:\vivado18\sdk\2018.3\gnu\aarch32\nt\gcc-arm-none-eabi\arm-none-eabi\libc\usr\include\stdio.h:29:0,
                 from ../src/main.c:4:
d:\vivado18\sdk\2018.3\gnu\aarch32\nt\gcc-arm-none-eabi\arm-none-eabi\libc\usr\include\stdio.h:181:5: note: expected 'const char * restrict' but argument is of type 'int'
 int _EXFUN(printf, (const char *__restrict, ...)
     ^
../src/main.c:90:10: warning: passing argument 1 of 'printf' makes pointer from integer without a cast [-Wint-conversion]
   printf(4);
          ^
In file included from d:\vivado18\sdk\2018.3\gnu\aarch32\nt\gcc-arm-none-eabi\arm-none-eabi\libc\usr\include\stdio.h:29:0,
                 from ../src/main.c:4:
d:\vivado18\sdk\2018.3\gnu\aarch32\nt\gcc-arm-none-eabi\arm-none-eabi\libc\usr\include\stdio.h:181:5: note: expected 'const char * restrict' but argument is of type 'int'
 int _EXFUN(printf, (const char *__restrict, ...)
     ^
../src/main.c:100:10: warning: passing argument 1 of 'printf' makes pointer from integer without a cast [-Wint-conversion]
   printf(5);
          ^
In file included from d:\vivado18\sdk\2018.3\gnu\aarch32\nt\gcc-arm-none-eabi\arm-none-eabi\libc\usr\include\stdio.h:29:0,
                 from ../src/main.c:4:
d:\vivado18\sdk\2018.3\gnu\aarch32\nt\gcc-arm-none-eabi\arm-none-eabi\libc\usr\include\stdio.h:181:5: note: expected 'const char * restrict' but argument is of type 'int'
 int _EXFUN(printf, (const char *__restrict, ...)
     ^
'Finished building: ../src/main.c'
' '
'Building target: VDMA_TF_TEST.elf'
'Invoking: ARM v7 gcc linker'
arm-none-eabi-gcc -mcpu=cortex-a9 -mfpu=vfpv3 -mfloat-abi=hard -Wl,-build-id=none -specs=Xilinx.spec -Wl,-T -Wl,../src/lscript.ld -L../../VDMA_TF_TEST_bsp/ps7_cortexa9_0/lib -o "VDMA_TF_TEST.elf"  ./src/main.o   -Wl,--start-group,-lxil,-lgcc,-lc,--end-group -Wl,--start-group,-lxilffs,-lxil,-lgcc,-lc,--end-group
'Finished building target: VDMA_TF_TEST.elf'
' '
'Invoking: ARM v7 Print Size'
arm-none-eabi-size VDMA_TF_TEST.elf  |tee "VDMA_TF_TEST.elf.size"
   text	   data	    bss	    dec	    hex	filename
 161480	   2624	  26112	 190216	  2e708	VDMA_TF_TEST.elf
'Finished building: VDMA_TF_TEST.elf.size'
' '
22:08:08 **** Incremental Build of configuration Debug for project VDMA_TF_TEST ****
make pre-build main-build 
a9-linaro-pre-build-step
' '
make: Nothing to be done for 'main-build'.
22:10:02 **** Incremental Build of configuration Debug for project VDMA_TF_TEST ****
make pre-build main-build 
a9-linaro-pre-build-step
' '
make: Nothing to be done for 'main-build'.
22:11:12 **** Incremental Build of configuration Debug for project VDMA_TF_TEST ****
make pre-build main-build 
a9-linaro-pre-build-step
' '
make: Nothing to be done for 'main-build'.
22:11:27 **** Incremental Build of configuration Debug for project VDMA_TF_TEST ****
make pre-build main-build 
a9-linaro-pre-build-step
' '
make: Nothing to be done for 'main-build'.
22:12:17 **** Incremental Build of configuration Debug for project VDMA_TF_TEST ****
make pre-build main-build 
a9-linaro-pre-build-step
' '
make: Nothing to be done for 'main-build'.
22:13:16 **** Incremental Build of configuration Debug for project VDMA_TF_TEST ****
make pre-build main-build 
a9-linaro-pre-build-step
' '
make: Nothing to be done for 'main-build'.
22:15:53 **** Incremental Build of configuration Debug for project VDMA_TF_TEST ****
make pre-build main-build 
a9-linaro-pre-build-step
' '
make: Nothing to be done for 'main-build'.
22:15:57 **** Incremental Build of configuration Debug for project VDMA_TF_TEST ****
make pre-build main-build 
a9-linaro-pre-build-step
' '
make: Nothing to be done for 'main-build'.
22:18:05 **** Incremental Build of configuration Debug for project VDMA_TF_TEST ****
make pre-build main-build 
a9-linaro-pre-build-step
' '
make: Nothing to be done for 'main-build'.
22:19:08 **** Incremental Build of configuration Debug for project VDMA_TF_TEST ****
make pre-build main-build 
a9-linaro-pre-build-step
' '
make: Nothing to be done for 'main-build'.
22:19:47 **** Incremental Build of configuration Debug for project VDMA_TF_TEST ****
make pre-build main-build 
a9-linaro-pre-build-step
' '
make: Nothing to be done for 'main-build'.
22:20:41 **** Incremental Build of configuration Debug for project VDMA_TF_TEST ****
make pre-build main-build 
a9-linaro-pre-build-step
' '
make: Nothing to be done for 'main-build'.
22:21:51 **** Incremental Build of configuration Debug for project VDMA_TF_TEST ****
make pre-build main-build 
a9-linaro-pre-build-step
' '
make: Nothing to be done for 'main-build'.
22:22:40 **** Incremental Build of configuration Debug for project VDMA_TF_TEST ****
make pre-build main-build 
a9-linaro-pre-build-step
' '
make: Nothing to be done for 'main-build'.
22:23:26 **** Incremental Build of configuration Debug for project VDMA_TF_TEST ****
make pre-build main-build 
a9-linaro-pre-build-step
' '
make: Nothing to be done for 'main-build'.
22:24:21 **** Incremental Build of configuration Debug for project VDMA_TF_TEST ****
make pre-build main-build 
a9-linaro-pre-build-step
' '
make: Nothing to be done for 'main-build'.
22:25:27 **** Incremental Build of configuration Debug for project VDMA_TF_TEST ****
make pre-build main-build 
a9-linaro-pre-build-step
' '
make: Nothing to be done for 'main-build'.
22:33:03 **** Incremental Build of configuration Debug for project VDMA_TF_TEST ****
make pre-build main-build 
a9-linaro-pre-build-step
' '
make: Nothing to be done for 'main-build'.
22:33:29 **** Incremental Build of configuration Debug for project VDMA_TF_TEST ****
make pre-build main-build 
a9-linaro-pre-build-step
' '
make: Nothing to be done for 'main-build'.
